cmsis_os2.c:136:12:osKernelInitialize	24	static,ignoring_inline_asm
cmsis_os2.c:157:12:osKernelGetInfo	24	static
cmsis_os2.c:174:17:osKernelGetState	16	static
cmsis_os2.c:199:12:osKernelStart	24	static,ignoring_inline_asm
cmsis_os2.c:218:9:osKernelLock	24	static,ignoring_inline_asm
cmsis_os2.c:245:9:osKernelUnlock	24	static,ignoring_inline_asm
cmsis_os2.c:277:9:osKernelRestoreLock	32	static,ignoring_inline_asm
cmsis_os2.c:313:10:osKernelGetTickCount	24	static,ignoring_inline_asm
cmsis_os2.c:325:10:osKernelGetTickFreq	4	static
cmsis_os2.c:329:10:osKernelGetSysTimerCount	24	static,ignoring_inline_asm
cmsis_os2.c:343:10:osKernelGetSysTimerFreq	4	static
cmsis_os2.c:349:14:osThreadNew	80	static,ignoring_inline_asm
cmsis_os2.c:415:13:osThreadGetName	40	static,ignoring_inline_asm
cmsis_os2.c:428:14:osThreadGetId	24	static,ignoring_inline_asm
cmsis_os2.c:440:17:osThreadGetState	40	static,ignoring_inline_asm
cmsis_os2.c:462:10:osThreadGetStackSpace	40	static,ignoring_inline_asm
cmsis_os2.c:475:10:osThreadGetStackSize	16	static
cmsis_os2.c:485:12:osThreadSetPriority	40	static,ignoring_inline_asm
cmsis_os2.c:503:14:osThreadGetPriority	40	static,ignoring_inline_asm
cmsis_os2.c:516:12:osThreadYield	24	static,ignoring_inline_asm
cmsis_os2.c:529:12:osThreadSuspend	40	static,ignoring_inline_asm
cmsis_os2.c:547:12:osThreadResume	40	static,ignoring_inline_asm
cmsis_os2.c:565:18:osThreadExit	8	static
cmsis_os2.c:572:12:osThreadTerminate	40	static,ignoring_inline_asm
cmsis_os2.c:601:10:osThreadGetCount	24	static,ignoring_inline_asm
cmsis_os2.c:613:10:osThreadEnumerate	40	static,ignoring_inline_asm
cmsis_os2.c:641:10:osThreadFlagsSet	48	static,ignoring_inline_asm
cmsis_os2.c:669:10:osThreadFlagsClear	40	static,ignoring_inline_asm
cmsis_os2.c:699:10:osThreadFlagsGet	32	static,ignoring_inline_asm
cmsis_os2.c:717:10:osThreadFlagsWait	64	static,ignoring_inline_asm
cmsis_os2.c:792:12:osDelay	32	static,ignoring_inline_asm
cmsis_os2.c:809:12:osDelayUntil	40	static,ignoring_inline_asm
cmsis_os2.c:828:13:TimerCallback	24	static
cmsis_os2.c:838:13:osTimerNew	64	static,ignoring_inline_asm
cmsis_os2.c:896:13:osTimerGetName	40	static,ignoring_inline_asm
cmsis_os2.c:909:12:osTimerStart	48	static,ignoring_inline_asm
cmsis_os2.c:930:12:osTimerStop	48	static,ignoring_inline_asm
cmsis_os2.c:956:10:osTimerIsRunning	40	static,ignoring_inline_asm
cmsis_os2.c:969:12:osTimerDelete	48	static,ignoring_inline_asm
cmsis_os2.c:1000:18:osEventFlagsNew	40	static,ignoring_inline_asm
cmsis_os2.c:1036:10:osEventFlagsSet	40	static,ignoring_inline_asm
cmsis_os2.c:1061:10:osEventFlagsClear	40	static,ignoring_inline_asm
cmsis_os2.c:1082:10:osEventFlagsGet	40	static,ignoring_inline_asm
cmsis_os2.c:1099:10:osEventFlagsWait	64	static,ignoring_inline_asm
cmsis_os2.c:1149:12:osEventFlagsDelete	40	static,ignoring_inline_asm
cmsis_os2.c:1173:13:osMutexNew	48	static,ignoring_inline_asm
cmsis_os2.c:1252:12:osMutexAcquire	40	static,ignoring_inline_asm
cmsis_os2.c:1293:12:osMutexRelease	40	static,ignoring_inline_asm
cmsis_os2.c:1326:14:osMutexGetOwner	40	static,ignoring_inline_asm
cmsis_os2.c:1341:12:osMutexDelete	40	static,ignoring_inline_asm
cmsis_os2.c:1370:17:osSemaphoreNew	56	static,ignoring_inline_asm
cmsis_os2.c:1437:12:osSemaphoreAcquire	40	static,ignoring_inline_asm
cmsis_os2.c:1474:12:osSemaphoreRelease	40	static,ignoring_inline_asm
cmsis_os2.c:1502:10:osSemaphoreGetCount	40	static,ignoring_inline_asm
cmsis_os2.c:1518:12:osSemaphoreDelete	40	static,ignoring_inline_asm
cmsis_os2.c:1546:20:osMessageQueueNew	56	static,ignoring_inline_asm
cmsis_os2.c:1599:12:osMessageQueuePut	48	static,ignoring_inline_asm
cmsis_os2.c:1640:12:osMessageQueueGet	48	static,ignoring_inline_asm
cmsis_os2.c:1681:10:osMessageQueueGetCapacity	24	static
cmsis_os2.c:1695:10:osMessageQueueGetMsgSize	24	static
cmsis_os2.c:1709:10:osMessageQueueGetCount	40	static,ignoring_inline_asm
cmsis_os2.c:1726:10:osMessageQueueGetSpace	56	static,ignoring_inline_asm
cmsis_os2.c:1749:12:osMessageQueueReset	40	static,ignoring_inline_asm
cmsis_os2.c:1767:12:osMessageQueueDelete	40	static,ignoring_inline_asm
cmsis_os2.c:1858:6:vApplicationGetIdleTaskMemory	24	static
cmsis_os2.c:1868:6:vApplicationGetTimerTaskMemory	24	static
