Archive member included to satisfy reference by file (symbol)

c:/st/stm32cubeide_1.4.0/stm32cubeide/plugins/com.st.stm32cube.ide.mcu.externaltools.gnu-tools-for-stm32.7-2018-q2-update.win32_1.4.0.202007081208/tools/bin/../lib/gcc/arm-none-eabi/7.3.1/../../../../arm-none-eabi/lib/thumb/v7-m\libstdc++_nano.a(del_ops.o)
                              drivers/LED7seg.o (operator delete(void*, unsigned int))
c:/st/stm32cubeide_1.4.0/stm32cubeide/plugins/com.st.stm32cube.ide.mcu.externaltools.gnu-tools-for-stm32.7-2018-q2-update.win32_1.4.0.202007081208/tools/bin/../lib/gcc/arm-none-eabi/7.3.1/../../../../arm-none-eabi/lib/thumb/v7-m\libstdc++_nano.a(del_op.o)
                              c:/st/stm32cubeide_1.4.0/stm32cubeide/plugins/com.st.stm32cube.ide.mcu.externaltools.gnu-tools-for-stm32.7-2018-q2-update.win32_1.4.0.202007081208/tools/bin/../lib/gcc/arm-none-eabi/7.3.1/../../../../arm-none-eabi/lib/thumb/v7-m\libstdc++_nano.a(del_ops.o) (operator delete(void*))
c:/st/stm32cubeide_1.4.0/stm32cubeide/plugins/com.st.stm32cube.ide.mcu.externaltools.gnu-tools-for-stm32.7-2018-q2-update.win32_1.4.0.202007081208/tools/bin/../lib/gcc/arm-none-eabi/7.3.1/../../../../arm-none-eabi/lib/thumb/v7-m\libc_nano.a(lib_a-exit.o)
                              c:/st/stm32cubeide_1.4.0/stm32cubeide/plugins/com.st.stm32cube.ide.mcu.externaltools.gnu-tools-for-stm32.7-2018-q2-update.win32_1.4.0.202007081208/tools/bin/../lib/gcc/arm-none-eabi/7.3.1/../../../../arm-none-eabi/lib/thumb/v7-m/crt0.o (exit)
c:/st/stm32cubeide_1.4.0/stm32cubeide/plugins/com.st.stm32cube.ide.mcu.externaltools.gnu-tools-for-stm32.7-2018-q2-update.win32_1.4.0.202007081208/tools/bin/../lib/gcc/arm-none-eabi/7.3.1/../../../../arm-none-eabi/lib/thumb/v7-m\libc_nano.a(lib_a-impure.o)
                              c:/st/stm32cubeide_1.4.0/stm32cubeide/plugins/com.st.stm32cube.ide.mcu.externaltools.gnu-tools-for-stm32.7-2018-q2-update.win32_1.4.0.202007081208/tools/bin/../lib/gcc/arm-none-eabi/7.3.1/../../../../arm-none-eabi/lib/thumb/v7-m\libc_nano.a(lib_a-exit.o) (_global_impure_ptr)
c:/st/stm32cubeide_1.4.0/stm32cubeide/plugins/com.st.stm32cube.ide.mcu.externaltools.gnu-tools-for-stm32.7-2018-q2-update.win32_1.4.0.202007081208/tools/bin/../lib/gcc/arm-none-eabi/7.3.1/../../../../arm-none-eabi/lib/thumb/v7-m\libc_nano.a(lib_a-init.o)
                              c:/st/stm32cubeide_1.4.0/stm32cubeide/plugins/com.st.stm32cube.ide.mcu.externaltools.gnu-tools-for-stm32.7-2018-q2-update.win32_1.4.0.202007081208/tools/bin/../lib/gcc/arm-none-eabi/7.3.1/../../../../arm-none-eabi/lib/thumb/v7-m/crt0.o (__libc_init_array)
c:/st/stm32cubeide_1.4.0/stm32cubeide/plugins/com.st.stm32cube.ide.mcu.externaltools.gnu-tools-for-stm32.7-2018-q2-update.win32_1.4.0.202007081208/tools/bin/../lib/gcc/arm-none-eabi/7.3.1/../../../../arm-none-eabi/lib/thumb/v7-m\libc_nano.a(lib_a-malloc.o)
                              c:/st/stm32cubeide_1.4.0/stm32cubeide/plugins/com.st.stm32cube.ide.mcu.externaltools.gnu-tools-for-stm32.7-2018-q2-update.win32_1.4.0.202007081208/tools/bin/../lib/gcc/arm-none-eabi/7.3.1/../../../../arm-none-eabi/lib/thumb/v7-m\libstdc++_nano.a(del_op.o) (free)
c:/st/stm32cubeide_1.4.0/stm32cubeide/plugins/com.st.stm32cube.ide.mcu.externaltools.gnu-tools-for-stm32.7-2018-q2-update.win32_1.4.0.202007081208/tools/bin/../lib/gcc/arm-none-eabi/7.3.1/../../../../arm-none-eabi/lib/thumb/v7-m\libc_nano.a(lib_a-memcpy-stub.o)
                              drivers/FreeRTOS/CMSIS_RTOS_V2/cmsis_os2.o (memcpy)
c:/st/stm32cubeide_1.4.0/stm32cubeide/plugins/com.st.stm32cube.ide.mcu.externaltools.gnu-tools-for-stm32.7-2018-q2-update.win32_1.4.0.202007081208/tools/bin/../lib/gcc/arm-none-eabi/7.3.1/../../../../arm-none-eabi/lib/thumb/v7-m\libc_nano.a(lib_a-memset.o)
                              c:/st/stm32cubeide_1.4.0/stm32cubeide/plugins/com.st.stm32cube.ide.mcu.externaltools.gnu-tools-for-stm32.7-2018-q2-update.win32_1.4.0.202007081208/tools/bin/../lib/gcc/arm-none-eabi/7.3.1/../../../../arm-none-eabi/lib/thumb/v7-m/crt0.o (memset)
c:/st/stm32cubeide_1.4.0/stm32cubeide/plugins/com.st.stm32cube.ide.mcu.externaltools.gnu-tools-for-stm32.7-2018-q2-update.win32_1.4.0.202007081208/tools/bin/../lib/gcc/arm-none-eabi/7.3.1/../../../../arm-none-eabi/lib/thumb/v7-m\libc_nano.a(lib_a-nano-freer.o)
                              c:/st/stm32cubeide_1.4.0/stm32cubeide/plugins/com.st.stm32cube.ide.mcu.externaltools.gnu-tools-for-stm32.7-2018-q2-update.win32_1.4.0.202007081208/tools/bin/../lib/gcc/arm-none-eabi/7.3.1/../../../../arm-none-eabi/lib/thumb/v7-m\libc_nano.a(lib_a-malloc.o) (_free_r)
c:/st/stm32cubeide_1.4.0/stm32cubeide/plugins/com.st.stm32cube.ide.mcu.externaltools.gnu-tools-for-stm32.7-2018-q2-update.win32_1.4.0.202007081208/tools/bin/../lib/gcc/arm-none-eabi/7.3.1/../../../../arm-none-eabi/lib/thumb/v7-m\libc_nano.a(lib_a-nano-mallocr.o)
[...]
Memory Configuration

Name             Origin             Length             Attributes
RAM              0x0000000020000000 0x000000000000c000 xrw
FLASH            0x0000000008000000 0x0000000000040000 xr
*default*        0x0000000000000000 0xffffffffffffffff

Linker script and memory map

LOAD c:/st/stm32cubeide_1.4.0/stm32cubeide/plugins/com.st.stm32cube.ide.mcu.externaltools.gnu-tools-for-stm32.7-2018-q2-update.win32_1.4.0.202007081208/tools/bin/../lib/gcc/arm-none-eabi/7.3.1/thumb/v7-m/crti.o
LOAD c:/st/stm32cubeide_1.4.0/stm32cubeide/plugins/com.st.stm32cube.ide.mcu.externaltools.gnu-tools-for-stm32.7-2018-q2-update.win32_1.4.0.202007081208/tools/bin/../lib/gcc/arm-none-eabi/7.3.1/thumb/v7-m/crtbegin.o
LOAD c:/st/stm32cubeide_1.4.0/stm32cubeide/plugins/com.st.stm32cube.ide.mcu.externaltools.gnu-tools-for-stm32.7-2018-q2-update.win32_1.4.0.202007081208/tools/bin/../lib/gcc/arm-none-eabi/7.3.1/../../../../arm-none-eabi/lib/thumb/v7-m/crt0.o
LOAD Project_Setting/StartupCode/startup_stm32f103rctx.o
LOAD drivers/FreeRTOS/CMSIS_RTOS_V2/cmsis_os2.o
LOAD drivers/FreeRTOS/croutine.o
LOAD drivers/FreeRTOS/event_groups.o
LOAD drivers/FreeRTOS/list.o
LOAD drivers/FreeRTOS/queue.o
LOAD drivers/FreeRTOS/stream_buffer.o
LOAD drivers/FreeRTOS/tasks.o
LOAD drivers/FreeRTOS/timers.o
LOAD drivers/FreeRTOS/portable/heap_4.o
LOAD drivers/FreeRTOS/portable/port.o
LOAD drivers/LED7seg.o
LOAD drivers/RF315.o
LOAD source/main.o
LOAD source/system_stm32f1xx.o
START GROUP
LOAD c:/st/stm32cubeide_1.4.0/stm32cubeide/plugins/com.st.stm32cube.ide.mcu.externaltools.gnu-tools-for-stm32.7-2018-q2-update.win32_1.4.0.202007081208/tools/bin/../lib/gcc/arm-none-eabi/7.3.1/../../../../arm-none-eabi/lib/thumb/v7-m\libstdc++_nano.a
LOAD c:/st/stm32cubeide_1.4.0/stm32cubeide/plugins/com.st.stm32cube.ide.mcu.externaltools.gnu-tools-for-stm32.7-2018-q2-update.win32_1.4.0.202007081208/tools/bin/../lib/gcc/arm-none-eabi/7.3.1/../../../../arm-none-eabi/lib/thumb/v7-m\libsupc++_nano.a
END GROUP
LOAD c:/st/stm32cubeide_1.4.0/stm32cubeide/plugins/com.st.stm32cube.ide.mcu.externaltools.gnu-tools-for-stm32.7-2018-q2-update.win32_1.4.0.202007081208/tools/bin/../lib/gcc/arm-none-eabi/7.3.1/../../../../arm-none-eabi/lib/thumb/v7-m\libstdc++_nano.a
LOAD c:/st/stm32cubeide_1.4.0/stm32cubeide/plugins/com.st.stm32cube.ide.mcu.externaltools.gnu-tools-for-stm32.7-2018-q2-update.win32_1.4.0.202007081208/tools/bin/../lib/gcc/arm-none-eabi/7.3.1/../../../../arm-none-eabi/lib/thumb/v7-m\libm.a
LOAD c:/st/stm32cubeide_1.4.0/stm32cubeide/plugins/com.st.stm32cube.ide.mcu.externaltools.gnu-tools-for-stm32.7-2018-q2-update.win32_1.4.0.202007081208/tools/bin/../lib/gcc/arm-none-eabi/7.3.1/../../../../arm-none-eabi/lib/thumb/v7-m\libc_nano.a
START GROUP
LOAD c:/st/stm32cubeide_1.4.0/stm32cubeide/plugins/com.st.stm32cube.ide.mcu.externaltools.gnu-tools-for-stm32.7-2018-q2-update.win32_1.4.0.202007081208/tools/bin/../lib/gcc/arm-none-eabi/7.3.1/thumb/v7-m\libgcc.a
LOAD c:/st/stm32cubeide_1.4.0/stm32cubeide/plugins/com.st.stm32cube.ide.mcu.externaltools.gnu-tools-for-stm32.7-2018-q2-update.win32_1.4.0.202007081208/tools/bin/../lib/gcc/arm-none-eabi/7.3.1/../../../../arm-none-eabi/lib/thumb/v7-m\libc_nano.a
END GROUP
START GROUP
LOAD c:/st/stm32cubeide_1.4.0/stm32cubeide/plugins/com.st.stm32cube.ide.mcu.externaltools.gnu-tools-for-stm32.7-2018-q2-update.win32_1.4.0.202007081208/tools/bin/../lib/gcc/arm-none-eabi/7.3.1/thumb/v7-m\libgcc.a
LOAD c:/st/stm32cubeide_1.4.0/stm32cubeide/plugins/com.st.stm32cube.ide.mcu.externaltools.gnu-tools-for-stm32.7-2018-q2-update.win32_1.4.0.202007081208/tools/bin/../lib/gcc/arm-none-eabi/7.3.1/../../../../arm-none-eabi/lib/thumb/v7-m\libc_nano.a
END GROUP
LOAD c:/st/stm32cubeide_1.4.0/stm32cubeide/plugins/com.st.stm32cube.ide.mcu.externaltools.gnu-tools-for-stm32.7-2018-q2-update.win32_1.4.0.202007081208/tools/bin/../lib/gcc/arm-none-eabi/7.3.1/thumb/v7-m/crtend.o
LOAD c:/st/stm32cubeide_1.4.0/stm32cubeide/plugins/com.st.stm32cube.ide.mcu.externaltools.gnu-tools-for-stm32.7-2018-q2-update.win32_1.4.0.202007081208/tools/bin/../lib/gcc/arm-none-eabi/7.3.1/thumb/v7-m/crtn.o
                0x000000002000c000                _estack = (ORIGIN (RAM) + LENGTH (RAM))
                0x0000000000000200                _Min_Heap_Size = 0x200
                0x0000000000000400                _Min_Stack_Size = 0x400

.isr_vector     0x0000000008000000      0x1e4
                0x0000000008000000                . = ALIGN (0x4)
 *(.isr_vector)
 .isr_vector    0x0000000008000000      0x1e4 Project_Setting/StartupCode/startup_stm32f103rctx.o
                0x0000000008000000                g_pfnVectors
                0x00000000080001e4                . = ALIGN (0x4)

.text           0x00000000080001f0     0x3634
                0x00000000080001f0                . = ALIGN (0x4)
 *(.text)
 .text          0x00000000080001f0       0x40 c:/st/stm32cubeide_1.4.0/stm32cubeide/plugins/com.st.stm32cube.ide.mcu.externaltools.gnu-tools-for-stm32.7-2018-q2-update.win32_1.4.0.202007081208/tools/bin/../lib/gcc/arm-none-eabi/7.3.1/thumb/v7-m/crtbegin.o
 *(.text*)
 .text.Reset_Handler
                0x0000000008000230       0x48 Project_Setting/StartupCode/startup_stm32f103rctx.o
                0x0000000008000230                Reset_Handler
 .text.Default_Handler
                0x0000000008000278        0x2 Project_Setting/StartupCode/startup_stm32f103rctx.o
                0x0000000008000278                RTC_Alarm_IRQHandler
                0x0000000008000278                EXTI2_IRQHandler
                0x0000000008000278                TIM8_TRG_COM_IRQHandler
                0x0000000008000278                TIM8_CC_IRQHandler
                0x0000000008000278                DebugMon_Handler
                0x0000000008000278                TIM1_CC_IRQHandler
                0x0000000008000278                HardFault_Handler
                0x0000000008000278                TIM6_IRQHandler
                0x0000000008000278                PVD_IRQHandler
                0x0000000008000278                SDIO_IRQHandler
                0x0000000008000278                NMI_Handler
                0x0000000008000278                EXTI3_IRQHandler
                0x0000000008000278                EXTI0_IRQHandler
                0x0000000008000278                I2C2_EV_IRQHandler
                0x0000000008000278                UsageFault_Handler
                0x0000000008000278                ADC1_2_IRQHandler
                0x0000000008000278                SPI1_IRQHandler
                0x0000000008000278                TAMPER_IRQHandler
                0x0000000008000278                TIM8_UP_IRQHandler
                0x0000000008000278                DMA2_Channel2_IRQHandler
                0x0000000008000278                DMA1_Channel4_IRQHandler
                0x0000000008000278                USART3_IRQHandler
                0x0000000008000278                RTC_IRQHandler
                0x0000000008000278                DMA1_Channel7_IRQHandler
                0x0000000008000278                CAN1_RX1_IRQHandler
                0x0000000008000278                UART5_IRQHandler
                0x0000000008000278                ADC3_IRQHandler
                0x0000000008000278                TIM4_IRQHandler
                0x0000000008000278                DMA2_Channel1_IRQHandler
                0x0000000008000278                I2C1_EV_IRQHandler
                0x0000000008000278                DMA1_Channel6_IRQHandler
                0x0000000008000278                UART4_IRQHandler
                0x0000000008000278                TIM3_IRQHandler
                0x0000000008000278                RCC_IRQHandler
                0x0000000008000278                TIM1_TRG_COM_IRQHandler
                0x0000000008000278                DMA1_Channel1_IRQHandler
                0x0000000008000278                Default_Handler
                0x0000000008000278                EXTI15_10_IRQHandler
                0x0000000008000278                TIM7_IRQHandler
                0x0000000008000278                TIM5_IRQHandler
                0x0000000008000278                EXTI9_5_IRQHandler
                0x0000000008000278                SPI2_IRQHandler
                0x0000000008000278                MemManage_Handler
                0x0000000008000278                DMA1_Channel5_IRQHandler
                0x0000000008000278                EXTI4_IRQHandler
                0x0000000008000278                USB_LP_CAN1_RX0_IRQHandler
                0x0000000008000278                USB_HP_CAN1_TX_IRQHandler
                0x0000000008000278                DMA1_Channel3_IRQHandler
                0x0000000008000278                FSMC_IRQHandler
                0x0000000008000278                TIM1_UP_IRQHandler
                0x0000000008000278                WWDG_IRQHandler
                0x0000000008000278                TIM2_IRQHandler
                0x0000000008000278                TIM1_BRK_IRQHandler
                0x0000000008000278                EXTI1_IRQHandler
                0x0000000008000278                DMA2_Channel4_5_IRQHandler
                0x0000000008000278                USART2_IRQHandler
                0x0000000008000278                I2C2_ER_IRQHandler
                0x0000000008000278                DMA1_Channel2_IRQHandler
                0x0000000008000278                TIM8_BRK_IRQHandler
                0x0000000008000278                CAN1_SCE_IRQHandler
                0x0000000008000278                FLASH_IRQHandler
                0x0000000008000278                BusFault_Handler
                0x0000000008000278                USART1_IRQHandler
                0x0000000008000278                SPI3_IRQHandler
                0x0000000008000278                I2C1_ER_IRQHandler
                0x0000000008000278                USBWakeUp_IRQHandler
                0x0000000008000278                DMA2_Channel3_IRQHandler
 *fill*         0x000000000800027a        0x2 
 .text.osKernelInitialize
                0x000000000800027c       0x64 drivers/FreeRTOS/CMSIS_RTOS_V2/cmsis_os2.o
                0x000000000800027c                osKernelInitialize
 .text.osKernelStart
                0x00000000080002e0       0x68 drivers/FreeRTOS/CMSIS_RTOS_V2/cmsis_os2.o
                0x00000000080002e0                osKernelStart
 .text.osThreadNew
                0x0000000008000348      0x154 drivers/FreeRTOS/CMSIS_RTOS_V2/cmsis_os2.o
                0x0000000008000348                osThreadNew
 .text.osDelay  0x000000000800049c       0x5c drivers/FreeRTOS/CMSIS_RTOS_V2/cmsis_os2.o
                0x000000000800049c                osDelay
 .text.vApplicationGetIdleTaskMemory
                0x00000000080004f8       0x30 drivers/FreeRTOS/CMSIS_RTOS_V2/cmsis_os2.o
                0x00000000080004f8                vApplicationGetIdleTaskMemory
 .text.vApplicationGetTimerTaskMemory
                0x0000000008000528       0x34 drivers/FreeRTOS/CMSIS_RTOS_V2/cmsis_os2.o
                0x0000000008000528                vApplicationGetTimerTaskMemory
 .text.vListInitialise
                0x000000000800055c       0x3e drivers/FreeRTOS/list.o
                0x000000000800055c                vListInitialise
 .text.vListInitialiseItem
                0x000000000800059a       0x18 drivers/FreeRTOS/list.o
                0x000000000800059a                vListInitialiseItem
 .text.vListInsertEnd
                0x00000000080005b2       0x46 drivers/FreeRTOS/list.o
                0x00000000080005b2                vListInsertEnd
 .text.vListInsert
                0x00000000080005f8       0x70 drivers/FreeRTOS/list.o
                0x00000000080005f8                vListInsert
 .text.uxListRemove
                0x0000000008000668       0x52 drivers/FreeRTOS/list.o
                0x0000000008000668                uxListRemove
 *fill*         0x00000000080006ba        0x2 
 .text.xQueueGenericReset
                0x00000000080006bc       0xd0 drivers/FreeRTOS/queue.o
                0x00000000080006bc                xQueueGenericReset
 .text.xQueueGenericCreateStatic
                0x000000000800078c       0xe4 drivers/FreeRTOS/queue.o
                0x000000000800078c                xQueueGenericCreateStatic
 .text.prvInitialiseNewQueue
                0x0000000008000870       0x46 drivers/FreeRTOS/queue.o
 *fill*         0x00000000080008b6        0x2 
 .text.xQueueGenericSend
                0x00000000080008b8      0x1f4 drivers/FreeRTOS/queue.o
                0x00000000080008b8                xQueueGenericSend
 .text.xQueueGenericSendFromISR
                0x0000000008000aac      0x128 drivers/FreeRTOS/queue.o
                0x0000000008000aac                xQueueGenericSendFromISR
 .text.xQueueReceive
                0x0000000008000bd4      0x1b8 drivers/FreeRTOS/queue.o
                0x0000000008000bd4                xQueueReceive
 .text.prvCopyDataToQueue
                0x0000000008000d8c       0xd4 drivers/FreeRTOS/queue.o
 .text.prvCopyDataFromQueue
                0x0000000008000e60       0x4c drivers/FreeRTOS/queue.o
 .text.prvUnlockQueue
                0x0000000008000eac       0xa4 drivers/FreeRTOS/queue.o
 .text.prvIsQueueEmpty
                0x0000000008000f50       0x2c drivers/FreeRTOS/queue.o
 .text.prvIsQueueFull
                0x0000000008000f7c       0x30 drivers/FreeRTOS/queue.o
 .text.vQueueAddToRegistry
                0x0000000008000fac       0x50 drivers/FreeRTOS/queue.o
                0x0000000008000fac                vQueueAddToRegistry
 .text.vQueueWaitForMessageRestricted
                0x0000000008000ffc       0x68 drivers/FreeRTOS/queue.o
                0x0000000008000ffc                vQueueWaitForMessageRestricted
 .text.xTaskCreateStatic
                0x0000000008001064       0xb2 drivers/FreeRTOS/tasks.o
                0x0000000008001064                xTaskCreateStatic
 .text.xTaskCreate
                0x0000000008001116       0x8a drivers/FreeRTOS/tasks.o
                0x0000000008001116                xTaskCreate
 .text.prvInitialiseNewTask
                0x00000000080011a0      0x10c drivers/FreeRTOS/tasks.o
 .text.prvAddNewTaskToReadyList
                0x00000000080012ac       0xe0 drivers/FreeRTOS/tasks.o
 .text.vTaskDelay
                0x000000000800138c       0x68 drivers/FreeRTOS/tasks.o
                0x000000000800138c                vTaskDelay
 .text.vTaskStartScheduler
                0x00000000080013f4       0xc8 drivers/FreeRTOS/tasks.o
                0x00000000080013f4                vTaskStartScheduler
 .text.vTaskSuspendAll
                0x00000000080014bc       0x1c drivers/FreeRTOS/tasks.o
                0x00000000080014bc                vTaskSuspendAll
 .text.xTaskResumeAll
                0x00000000080014d8      0x138 drivers/FreeRTOS/tasks.o
                0x00000000080014d8                xTaskResumeAll
 .text.xTaskGetTickCount
                0x0000000008001610       0x1c drivers/FreeRTOS/tasks.o
                0x0000000008001610                xTaskGetTickCount
 .text.xTaskIncrementTick
                0x000000000800162c      0x17c drivers/FreeRTOS/tasks.o
                0x000000000800162c                xTaskIncrementTick
 .text.vTaskSwitchContext
                0x00000000080017a8       0xb8 drivers/FreeRTOS/tasks.o
                0x00000000080017a8                vTaskSwitchContext
 .text.vTaskPlaceOnEventList
                0x0000000008001860       0x48 drivers/FreeRTOS/tasks.o
                0x0000000008001860                vTaskPlaceOnEventList
 .text.vTaskPlaceOnEventListRestricted
                0x00000000080018a8       0x54 drivers/FreeRTOS/tasks.o
                0x00000000080018a8                vTaskPlaceOnEventListRestricted
 .text.xTaskRemoveFromEventList
                0x00000000080018fc       0xc4 drivers/FreeRTOS/tasks.o
                0x00000000080018fc                xTaskRemoveFromEventList
 .text.vTaskInternalSetTimeOutState
                0x00000000080019c0       0x2c drivers/FreeRTOS/tasks.o
                0x00000000080019c0                vTaskInternalSetTimeOutState
 .text.xTaskCheckForTimeOut
                0x00000000080019ec       0xc0 drivers/FreeRTOS/tasks.o
                0x00000000080019ec                xTaskCheckForTimeOut
 .text.vTaskMissedYield
                0x0000000008001aac       0x18 drivers/FreeRTOS/tasks.o
                0x0000000008001aac                vTaskMissedYield
 .text.prvIdleTask
                0x0000000008001ac4       0x30 drivers/FreeRTOS/tasks.o
 .text.prvInitialiseTaskLists
                0x0000000008001af4       0x80 drivers/FreeRTOS/tasks.o
 .text.prvCheckTasksWaitingTermination
                0x0000000008001b74       0x58 drivers/FreeRTOS/tasks.o
 .text.prvDeleteTCB
                0x0000000008001bcc       0x5c drivers/FreeRTOS/tasks.o
 .text.prvResetNextTaskUnblockTime
                0x0000000008001c28       0x48 drivers/FreeRTOS/tasks.o
 .text.xTaskGetSchedulerState
                0x0000000008001c70       0x3c drivers/FreeRTOS/tasks.o
                0x0000000008001c70                xTaskGetSchedulerState
 .text.xTaskPriorityDisinherit
                0x0000000008001cac       0xd8 drivers/FreeRTOS/tasks.o
                0x0000000008001cac                xTaskPriorityDisinherit
 .text.prvAddCurrentTaskToDelayedList
                0x0000000008001d84       0xa8 drivers/FreeRTOS/tasks.o
 .text.xTimerCreateTimerTask
                0x0000000008001e2c       0x90 drivers/FreeRTOS/timers.o
                0x0000000008001e2c                xTimerCreateTimerTask
 .text.xTimerGenericCommand
                0x0000000008001ebc       0x98 drivers/FreeRTOS/timers.o
                0x0000000008001ebc                xTimerGenericCommand
 .text.prvProcessExpiredTimer
                0x0000000008001f54       0x80 drivers/FreeRTOS/timers.o
 .text.prvTimerTask
                0x0000000008001fd4       0x24 drivers/FreeRTOS/timers.o
 .text.prvProcessTimerOrBlockTask
                0x0000000008001ff8       0x9c drivers/FreeRTOS/timers.o
 .text.prvGetNextExpireTime
                0x0000000008002094       0x48 drivers/FreeRTOS/timers.o
 .text.prvSampleTimeNow
                0x00000000080020dc       0x40 drivers/FreeRTOS/timers.o
 .text.prvInsertTimerInActiveList
                0x000000000800211c       0x84 drivers/FreeRTOS/timers.o
 .text.prvProcessReceivedCommands
                0x00000000080021a0      0x160 drivers/FreeRTOS/timers.o
 .text.prvSwitchTimerLists
                0x0000000008002300       0xc0 drivers/FreeRTOS/timers.o
 .text.prvCheckForValidListAndQueue
                0x00000000080023c0       0x80 drivers/FreeRTOS/timers.o
 .text.pvPortMalloc
                0x0000000008002440      0x184 drivers/FreeRTOS/portable/heap_4.o
                0x0000000008002440                pvPortMalloc
 .text.vPortFree
                0x00000000080025c4       0xb0 drivers/FreeRTOS/portable/heap_4.o
                0x00000000080025c4                vPortFree
 .text.prvHeapInit
                0x0000000008002674       0xc4 drivers/FreeRTOS/portable/heap_4.o
 .text.prvInsertBlockIntoFreeList
                0x0000000008002738       0xb0 drivers/FreeRTOS/portable/heap_4.o
 .text.pxPortInitialiseStack
                0x00000000080027e8       0x58 drivers/FreeRTOS/portable/port.o
                0x00000000080027e8                pxPortInitialiseStack
 .text.prvTaskExitError
                0x0000000008002840       0x50 drivers/FreeRTOS/portable/port.o
 .text.SVC_Handler
                0x0000000008002890       0x28 drivers/FreeRTOS/portable/port.o
                0x0000000008002890                SVC_Handler
 .text.prvPortStartFirstTask
                0x00000000080028b8       0x20 drivers/FreeRTOS/portable/port.o
 .text.xPortStartScheduler
                0x00000000080028d8       0xe0 drivers/FreeRTOS/portable/port.o
                0x00000000080028d8                xPortStartScheduler
 .text.vPortEnterCritical
                0x00000000080029b8       0x5c drivers/FreeRTOS/portable/port.o
                0x00000000080029b8                vPortEnterCritical
 .text.vPortExitCritical
                0x0000000008002a14       0x4c drivers/FreeRTOS/portable/port.o
                0x0000000008002a14                vPortExitCritical
 .text.PendSV_Handler
                0x0000000008002a60       0x48 drivers/FreeRTOS/portable/port.o
                0x0000000008002a60                PendSV_Handler
 .text.SysTick_Handler
                0x0000000008002aa8       0x40 drivers/FreeRTOS/portable/port.o
                0x0000000008002aa8                SysTick_Handler
 .text.vPortSetupTimerInterrupt
                0x0000000008002ae8       0x44 drivers/FreeRTOS/portable/port.o
                0x0000000008002ae8                vPortSetupTimerInterrupt
 .text.vPortValidateInterruptPriority
                0x0000000008002b2c       0x78 drivers/FreeRTOS/portable/port.o
                0x0000000008002b2c                vPortValidateInterruptPriority
 .text._ZN7LED7segC2Ev
                0x0000000008002ba4       0x68 drivers/LED7seg.o
                0x0000000008002ba4                LED7seg::LED7seg()
                0x0000000008002ba4                LED7seg::LED7seg()
 .text._ZN7LED7segD2Ev
                0x0000000008002c0c       0x20 drivers/LED7seg.o
                0x0000000008002c0c                LED7seg::~LED7seg()
                0x0000000008002c0c                LED7seg::~LED7seg()
 .text._ZN7LED7segD0Ev
                0x0000000008002c2c       0x20 drivers/LED7seg.o
                0x0000000008002c2c                LED7seg::~LED7seg()
 .text._ZN7LED7seg10HC595_InitEv
                0x0000000008002c4c       0x30 drivers/LED7seg.o
                0x0000000008002c4c                LED7seg::HC595_Init()
 .text._ZN5RF315D2Ev
                0x0000000008002c7c       0x20 drivers/RF315.o
                0x0000000008002c7c                RF315::~RF315()
                0x0000000008002c7c                RF315::~RF315()
 .text._ZN5RF315D0Ev
                0x0000000008002c9c       0x22 drivers/RF315.o
                0x0000000008002c9c                RF315::~RF315()
 *fill*         0x0000000008002cbe        0x2 
 .text._ZN5RF315C2Ethhhb
                0x0000000008002cc0       0x78 drivers/RF315.o
                0x0000000008002cc0                RF315::RF315(unsigned short, unsigned char, unsigned char, unsigned char, bool)
                0x0000000008002cc0                RF315::RF315(unsigned short, unsigned char, unsigned char, unsigned char, bool)
 .text._ZN5RF3154initEv
                0x0000000008002d38       0x24 drivers/RF315.o
                0x0000000008002d38                RF315::init()
 .text._ZN5RF31511setModeIdleEv
                0x0000000008002d5c       0x3e drivers/RF315.o
                0x0000000008002d5c                RF315::setModeIdle()
 .text._ZN5RF3159setModeRxEv
                0x0000000008002d9a       0x3e drivers/RF315.o
                0x0000000008002d9a                RF315::setModeRx()
 .text._ZN5RF3159setModeTxEv
                0x0000000008002dd8       0x4e drivers/RF315.o
                0x0000000008002dd8                RF315::setModeTx()
 .text._ZN5RF3159availableEv
                0x0000000008002e26       0x4c drivers/RF315.o
                0x0000000008002e26                RF315::available()
 .text._ZN5RF3154recvEPhS0_
                0x0000000008002e72       0x72 drivers/RF315.o
                0x0000000008002e72                RF315::recv(unsigned char*, unsigned char*)
 .text._ZN5RF3154sendEPKhh
                0x0000000008002ee4      0x294 drivers/RF315.o
                0x0000000008002ee4                RF315::send(unsigned char const*, unsigned char)
 .text._ZN5RF3157writeTxEb
                0x0000000008003178       0x20 drivers/RF315.o
                0x0000000008003178                RF315::writeTx(bool)
 .text._ZN5RF3158writePttEb
                0x0000000008003198       0x16 drivers/RF315.o
                0x0000000008003198                RF315::writePtt(bool)
 .text._ZN5RF31516maxMessageLengthEv
                0x00000000080031ae       0x14 drivers/RF315.o
                0x00000000080031ae                RF315::maxMessageLength()
 .text._ZN5RF31513validateRxBufEv
                0x00000000080031c2       0xe4 drivers/RF315.o
                0x00000000080031c2                RF315::validateRxBuf()
 .text._ZN5RF31518RHcrc_ccitt_updateEth
                0x00000000080032a6       0x60 drivers/RF315.o
                0x00000000080032a6                RF315::RHcrc_ccitt_update(unsigned short, unsigned char)
 .text._ZN5RF31517reg_digital_writeEPFvbE
                0x0000000008003306       0x1c drivers/RF315.o
                0x0000000008003306                RF315::reg_digital_write(void (*)(bool))
 *fill*         0x0000000008003322        0x2 
 .text._Z13TM_SystemInitv
                0x0000000008003324       0x7c source/main.o
                0x0000000008003324                TM_SystemInit()
 .text._Z12TM_GPIO_Initv
                0x00000000080033a0       0xf0 source/main.o
                0x00000000080033a0                TM_GPIO_Init()
 .text._Z12rf315_tx_pinb
                0x0000000008003490       0x38 source/main.o
                0x0000000008003490                rf315_tx_pin(bool)
 .text.main     0x00000000080034c8       0xac source/main.o
                0x00000000080034c8                main
 .text._Z11StartTask01Pv
                0x0000000008003574       0x24 source/main.o
                0x0000000008003574                StartTask01(void*)
 .text._Z11StartTask02Pv
                0x0000000008003598       0x30 source/main.o
                0x0000000008003598                StartTask02(void*)
 .text._Z11StartTask03Pv
                0x00000000080035c8       0x34 source/main.o
                0x00000000080035c8                StartTask03(void*)
 .text._Z41__static_initialization_and_destruction_0ii
                0x00000000080035fc       0x64 source/main.o
 .text._GLOBAL__sub_I_Led7
                0x0000000008003660       0x10 source/main.o
 .text._GLOBAL__sub_D_Led7
                0x0000000008003670       0x10 source/main.o
 .text.SystemInit
                0x0000000008003680       0x68 source/system_stm32f1xx.o
                0x0000000008003680                SystemInit
 .text._ZdlPvj  0x00000000080036e8        0x4 c:/st/stm32cubeide_1.4.0/stm32cubeide/plugins/com.st.stm32cube.ide.mcu.externaltools.gnu-tools-for-stm32.7-2018-q2-update.win32_1.4.0.202007081208/tools/bin/../lib/gcc/arm-none-eabi/7.3.1/../../../../arm-none-eabi/lib/thumb/v7-m\libstdc++_nano.a(del_ops.o)
                0x00000000080036e8                operator delete(void*, unsigned int)
 .text._ZdlPv   0x00000000080036ec        0x4 c:/st/stm32cubeide_1.4.0/stm32cubeide/plugins/com.st.stm32cube.ide.mcu.externaltools.gnu-tools-for-stm32.7-2018-q2-update.win32_1.4.0.202007081208/tools/bin/../lib/gcc/arm-none-eabi/7.3.1/../../../../arm-none-eabi/lib/thumb/v7-m\libstdc++_nano.a(del_op.o)
                0x00000000080036ec                operator delete(void*)
 .text.__libc_init_array
                0x00000000080036f0       0x48 c:/st/stm32cubeide_1.4.0/stm32cubeide/plugins/com.st.stm32cube.ide.mcu.externaltools.gnu-tools-for-stm32.7-2018-q2-update.win32_1.4.0.202007081208/tools/bin/../lib/gcc/arm-none-eabi/7.3.1/../../../../arm-none-eabi/lib/thumb/v7-m\libc_nano.a(lib_a-init.o)
                0x00000000080036f0                __libc_init_array
 .text.free     0x0000000008003738       0x10 c:/st/stm32cubeide_1.4.0/stm32cubeide/plugins/com.st.stm32cube.ide.mcu.externaltools.gnu-tools-for-stm32.7-2018-q2-update.win32_1.4.0.202007081208/tools/bin/../lib/gcc/arm-none-eabi/7.3.1/../../../../arm-none-eabi/lib/thumb/v7-m\libc_nano.a(lib_a-malloc.o)
                0x0000000008003738                free
 .text.memcpy   0x0000000008003748       0x16 c:/st/stm32cubeide_1.4.0/stm32cubeide/plugins/com.st.stm32cube.ide.mcu.externaltools.gnu-tools-for-stm32.7-2018-q2-update.win32_1.4.0.202007081208/tools/bin/../lib/gcc/arm-none-eabi/7.3.1/../../../../arm-none-eabi/lib/thumb/v7-m\libc_nano.a(lib_a-memcpy-stub.o)
                0x0000000008003748                memcpy
 .text.memset   0x000000000800375e       0x10 c:/st/stm32cubeide_1.4.0/stm32cubeide/plugins/com.st.stm32cube.ide.mcu.externaltools.gnu-tools-for-stm32.7-2018-q2-update.win32_1.4.0.202007081208/tools/bin/../lib/gcc/arm-none-eabi/7.3.1/../../../../arm-none-eabi/lib/thumb/v7-m\libc_nano.a(lib_a-memset.o)
                0x000000000800375e                memset
 *fill*         0x000000000800376e        0x2 
 .text._free_r  0x0000000008003770       0x98 c:/st/stm32cubeide_1.4.0/stm32cubeide/plugins/com.st.stm32cube.ide.mcu.externaltools.gnu-tools-for-stm32.7-2018-q2-update.win32_1.4.0.202007081208/tools/bin/../lib/gcc/arm-none-eabi/7.3.1/../../../../arm-none-eabi/lib/thumb/v7-m\libc_nano.a(lib_a-nano-freer.o)
                0x0000000008003770                _free_r
 .text.__malloc_lock
                0x0000000008003808        0x2 c:/st/stm32cubeide_1.4.0/stm32cubeide/plugins/com.st.stm32cube.ide.mcu.externaltools.gnu-tools-for-stm32.7-2018-q2-update.win32_1.4.0.202007081208/tools/bin/../lib/gcc/arm-none-eabi/7.3.1/../../../../arm-none-eabi/lib/thumb/v7-m\libc_nano.a(lib_a-mlock.o)
                0x0000000008003808                __malloc_lock
 .text.__malloc_unlock
                0x000000000800380a        0x2 c:/st/stm32cubeide_1.4.0/stm32cubeide/plugins/com.st.stm32cube.ide.mcu.externaltools.gnu-tools-for-stm32.7-2018-q2-update.win32_1.4.0.202007081208/tools/bin/../lib/gcc/arm-none-eabi/7.3.1/../../../../arm-none-eabi/lib/thumb/v7-m\libc_nano.a(lib_a-mlock.o)
                0x000000000800380a                __malloc_unlock
 *(.glue_7)
 .glue_7        0x000000000800380c        0x0 linker stubs
 *(.glue_7t)
 .glue_7t       0x000000000800380c        0x0 linker stubs
 *(.eh_frame)
 .eh_frame      0x000000000800380c        0x0 c:/st/stm32cubeide_1.4.0/stm32cubeide/plugins/com.st.stm32cube.ide.mcu.externaltools.gnu-tools-for-stm32.7-2018-q2-update.win32_1.4.0.202007081208/tools/bin/../lib/gcc/arm-none-eabi/7.3.1/thumb/v7-m/crtbegin.o
 *(.init)
 .init          0x000000000800380c        0x4 c:/st/stm32cubeide_1.4.0/stm32cubeide/plugins/com.st.stm32cube.ide.mcu.externaltools.gnu-tools-for-stm32.7-2018-q2-update.win32_1.4.0.202007081208/tools/bin/../lib/gcc/arm-none-eabi/7.3.1/thumb/v7-m/crti.o
                0x000000000800380c                _init
 .init          0x0000000008003810        0x8 c:/st/stm32cubeide_1.4.0/stm32cubeide/plugins/com.st.stm32cube.ide.mcu.externaltools.gnu-tools-for-stm32.7-2018-q2-update.win32_1.4.0.202007081208/tools/bin/../lib/gcc/arm-none-eabi/7.3.1/thumb/v7-m/crtn.o
 *(.fini)
 .fini          0x0000000008003818        0x4 c:/st/stm32cubeide_1.4.0/stm32cubeide/plugins/com.st.stm32cube.ide.mcu.externaltools.gnu-tools-for-stm32.7-2018-q2-update.win32_1.4.0.202007081208/tools/bin/../lib/gcc/arm-none-eabi/7.3.1/thumb/v7-m/crti.o
                0x0000000008003818                _fini
 .fini          0x000000000800381c        0x8 c:/st/stm32cubeide_1.4.0/stm32cubeide/plugins/com.st.stm32cube.ide.mcu.externaltools.gnu-tools-for-stm32.7-2018-q2-update.win32_1.4.0.202007081208/tools/bin/../lib/gcc/arm-none-eabi/7.3.1/thumb/v7-m/crtn.o
                0x0000000008003824                . = ALIGN (0x4)
                0x0000000008003824                _etext = .

.vfp11_veneer   0x0000000008003824        0x0
 .vfp11_veneer  0x0000000008003824        0x0 linker stubs

.v4_bx          0x0000000008003824        0x0
 .v4_bx         0x0000000008003824        0x0 linker stubs

.iplt           0x0000000008003824        0x0
 .iplt          0x0000000008003824        0x0 c:/st/stm32cubeide_1.4.0/stm32cubeide/plugins/com.st.stm32cube.ide.mcu.externaltools.gnu-tools-for-stm32.7-2018-q2-update.win32_1.4.0.202007081208/tools/bin/../lib/gcc/arm-none-eabi/7.3.1/thumb/v7-m/crtbegin.o

.rodata         0x0000000008003824       0x7c
                0x0000000008003824                . = ALIGN (0x4)
 *(.rodata)
 .rodata        0x0000000008003824        0x5 drivers/FreeRTOS/tasks.o
 *fill*         0x0000000008003829        0x3 
 .rodata        0x000000000800382c        0xd drivers/FreeRTOS/timers.o
 *fill*         0x0000000008003839        0x3 
 .rodata        0x000000000800383c        0x8 drivers/RF315.o
 .rodata        0x0000000008003844       0x27 source/main.o
 *(.rodata*)
 *fill*         0x000000000800386b        0x1 
 .rodata._ZTV7LED7seg
                0x000000000800386c       0x10 drivers/LED7seg.o
                0x000000000800386c                vtable for LED7seg
 .rodata._ZTV5RF315
                0x000000000800387c       0x24 drivers/RF315.o
                0x000000000800387c                vtable for RF315
                0x00000000080038a0                . = ALIGN (0x4)

.rel.dyn        0x00000000080038a0        0x0
 .rel.iplt      0x00000000080038a0        0x0 c:/st/stm32cubeide_1.4.0/stm32cubeide/plugins/com.st.stm32cube.ide.mcu.externaltools.gnu-tools-for-stm32.7-2018-q2-update.win32_1.4.0.202007081208/tools/bin/../lib/gcc/arm-none-eabi/7.3.1/thumb/v7-m/crtbegin.o

.ARM.extab      0x00000000080038a0        0x0
                0x00000000080038a0                . = ALIGN (0x4)
 *(.ARM.extab* .gnu.linkonce.armextab.*)
                0x00000000080038a0                . = ALIGN (0x4)

.ARM            0x00000000080038a0        0x0
                0x00000000080038a0                . = ALIGN (0x4)
                0x00000000080038a0                __exidx_start = .
 *(.ARM.exidx*)
                0x00000000080038a0                __exidx_end = .
                0x00000000080038a0                . = ALIGN (0x4)

.preinit_array  0x00000000080038a0        0x0
                0x00000000080038a0                . = ALIGN (0x4)
                0x00000000080038a0                PROVIDE (__preinit_array_start = .)
 *(.preinit_array*)
                0x00000000080038a0                PROVIDE (__preinit_array_end = .)
                0x00000000080038a0                . = ALIGN (0x4)

.init_array     0x00000000080038a0        0x8
                0x00000000080038a0                . = ALIGN (0x4)
                0x00000000080038a0                PROVIDE (__init_array_start = .)
 *(SORT_BY_NAME(.init_array.*))
 *(.init_array*)
 .init_array    0x00000000080038a0        0x4 c:/st/stm32cubeide_1.4.0/stm32cubeide/plugins/com.st.stm32cube.ide.mcu.externaltools.gnu-tools-for-stm32.7-2018-q2-update.win32_1.4.0.202007081208/tools/bin/../lib/gcc/arm-none-eabi/7.3.1/thumb/v7-m/crtbegin.o
 .init_array    0x00000000080038a4        0x4 source/main.o
                0x00000000080038a8                PROVIDE (__init_array_end = .)
                0x00000000080038a8                . = ALIGN (0x4)

.fini_array     0x00000000080038a8        0x8
                0x00000000080038a8                . = ALIGN (0x4)
                [!provide]                        PROVIDE (__fini_array_start = .)
 *(SORT_BY_NAME(.fini_array.*))
 *(.fini_array*)
 .fini_array    0x00000000080038a8        0x4 c:/st/stm32cubeide_1.4.0/stm32cubeide/plugins/com.st.stm32cube.ide.mcu.externaltools.gnu-tools-for-stm32.7-2018-q2-update.win32_1.4.0.202007081208/tools/bin/../lib/gcc/arm-none-eabi/7.3.1/thumb/v7-m/crtbegin.o
 .fini_array    0x00000000080038ac        0x4 source/main.o
                [!provide]                        PROVIDE (__fini_array_end = .)
                0x00000000080038b0                . = ALIGN (0x4)
                0x00000000080038b0                _sidata = LOADADDR (.data)

.data           0x0000000020000000       0x7c load address 0x00000000080038b0
                0x0000000020000000                . = ALIGN (0x4)
                0x0000000020000000                _sdata = .
 *(.data)
 *(.data*)
 .data.uxCriticalNesting
                0x0000000020000000        0x4 drivers/FreeRTOS/portable/port.o
 .data._ZL7symbols
                0x0000000020000004       0x10 drivers/RF315.o
 .data.SystemCoreClock
                0x0000000020000014        0x4 source/system_stm32f1xx.o
                0x0000000020000014                SystemCoreClock
 .data._impure_ptr
                0x0000000020000018        0x4 c:/st/stm32cubeide_1.4.0/stm32cubeide/plugins/com.st.stm32cube.ide.mcu.externaltools.gnu-tools-for-stm32.7-2018-q2-update.win32_1.4.0.202007081208/tools/bin/../lib/gcc/arm-none-eabi/7.3.1/../../../../arm-none-eabi/lib/thumb/v7-m\libc_nano.a(lib_a-impure.o)
                0x0000000020000018                _impure_ptr
 .data.impure_data
                0x000000002000001c       0x60 c:/st/stm32cubeide_1.4.0/stm32cubeide/plugins/com.st.stm32cube.ide.mcu.externaltools.gnu-tools-for-stm32.7-2018-q2-update.win32_1.4.0.202007081208/tools/bin/../lib/gcc/arm-none-eabi/7.3.1/../../../../arm-none-eabi/lib/thumb/v7-m\libc_nano.a(lib_a-impure.o)
                0x000000002000007c                . = ALIGN (0x4)
                0x000000002000007c                _edata = .

.igot.plt       0x000000002000007c        0x0 load address 0x000000000800392c
 .igot.plt      0x000000002000007c        0x0 c:/st/stm32cubeide_1.4.0/stm32cubeide/plugins/com.st.stm32cube.ide.mcu.externaltools.gnu-tools-for-stm32.7-2018-q2-update.win32_1.4.0.202007081208/tools/bin/../lib/gcc/arm-none-eabi/7.3.1/thumb/v7-m/crtbegin.o
                0x000000002000007c                . = ALIGN (0x4)

.bss            0x000000002000007c     0x1af0 load address 0x000000000800392c
                0x000000002000007c                _sbss = .
                0x000000002000007c                __bss_start__ = _sbss
 *(.bss)
 .bss           0x000000002000007c       0x1c c:/st/stm32cubeide_1.4.0/stm32cubeide/plugins/com.st.stm32cube.ide.mcu.externaltools.gnu-tools-for-stm32.7-2018-q2-update.win32_1.4.0.202007081208/tools/bin/../lib/gcc/arm-none-eabi/7.3.1/thumb/v7-m/crtbegin.o
 *(.bss*)
 .bss.KernelState
                0x0000000020000098        0x4 drivers/FreeRTOS/CMSIS_RTOS_V2/cmsis_os2.o
 .bss.Idle_TCB  0x000000002000009c       0x5c drivers/FreeRTOS/CMSIS_RTOS_V2/cmsis_os2.o
 .bss.Idle_Stack
                0x00000000200000f8      0x200 drivers/FreeRTOS/CMSIS_RTOS_V2/cmsis_os2.o
 .bss.Timer_TCB
                0x00000000200002f8       0x5c drivers/FreeRTOS/CMSIS_RTOS_V2/cmsis_os2.o
 .bss.Timer_Stack
                0x0000000020000354      0x400 drivers/FreeRTOS/CMSIS_RTOS_V2/cmsis_os2.o
 .bss.pxCurrentTCB
                0x0000000020000754        0x4 drivers/FreeRTOS/tasks.o
                0x0000000020000754                pxCurrentTCB
 .bss.pxReadyTasksLists
                0x0000000020000758      0x460 drivers/FreeRTOS/tasks.o
 .bss.xDelayedTaskList1
                0x0000000020000bb8       0x14 drivers/FreeRTOS/tasks.o
 .bss.xDelayedTaskList2
                0x0000000020000bcc       0x14 drivers/FreeRTOS/tasks.o
 .bss.pxDelayedTaskList
                0x0000000020000be0        0x4 drivers/FreeRTOS/tasks.o
 .bss.pxOverflowDelayedTaskList
                0x0000000020000be4        0x4 drivers/FreeRTOS/tasks.o
 .bss.xPendingReadyList
                0x0000000020000be8       0x14 drivers/FreeRTOS/tasks.o
 .bss.xTasksWaitingTermination
                0x0000000020000bfc       0x14 drivers/FreeRTOS/tasks.o
 .bss.uxDeletedTasksWaitingCleanUp
                0x0000000020000c10        0x4 drivers/FreeRTOS/tasks.o
 .bss.xSuspendedTaskList
                0x0000000020000c14       0x14 drivers/FreeRTOS/tasks.o
 .bss.uxCurrentNumberOfTasks
                0x0000000020000c28        0x4 drivers/FreeRTOS/tasks.o
 .bss.xTickCount
                0x0000000020000c2c        0x4 drivers/FreeRTOS/tasks.o
 .bss.uxTopReadyPriority
                0x0000000020000c30        0x4 drivers/FreeRTOS/tasks.o
 .bss.xSchedulerRunning
                0x0000000020000c34        0x4 drivers/FreeRTOS/tasks.o
 .bss.uxPendedTicks
                0x0000000020000c38        0x4 drivers/FreeRTOS/tasks.o
 .bss.xYieldPending
                0x0000000020000c3c        0x4 drivers/FreeRTOS/tasks.o
 .bss.xNumOfOverflows
                0x0000000020000c40        0x4 drivers/FreeRTOS/tasks.o
 .bss.uxTaskNumber
                0x0000000020000c44        0x4 drivers/FreeRTOS/tasks.o
 .bss.xNextTaskUnblockTime
                0x0000000020000c48        0x4 drivers/FreeRTOS/tasks.o
 .bss.xIdleTaskHandle
                0x0000000020000c4c        0x4 drivers/FreeRTOS/tasks.o
 .bss.uxSchedulerSuspended
                0x0000000020000c50        0x4 drivers/FreeRTOS/tasks.o
 .bss.xActiveTimerList1
                0x0000000020000c54       0x14 drivers/FreeRTOS/timers.o
 .bss.xActiveTimerList2
                0x0000000020000c68       0x14 drivers/FreeRTOS/timers.o
 .bss.pxCurrentTimerList
                0x0000000020000c7c        0x4 drivers/FreeRTOS/timers.o
 .bss.pxOverflowTimerList
                0x0000000020000c80        0x4 drivers/FreeRTOS/timers.o
 .bss.xTimerQueue
                0x0000000020000c84        0x4 drivers/FreeRTOS/timers.o
 .bss.xTimerTaskHandle
                0x0000000020000c88        0x4 drivers/FreeRTOS/timers.o
 .bss.xLastTime.5452
                0x0000000020000c8c        0x4 drivers/FreeRTOS/timers.o
 .bss.ucStaticTimerQueueStorage.5503
                0x0000000020000c90       0xa0 drivers/FreeRTOS/timers.o
 .bss.xStaticTimerQueue.5502
                0x0000000020000d30       0x50 drivers/FreeRTOS/timers.o
 .bss.ucHeap    0x0000000020000d80      0xc00 drivers/FreeRTOS/portable/heap_4.o
 .bss.xStart    0x0000000020001980        0x8 drivers/FreeRTOS/portable/heap_4.o
 .bss.pxEnd     0x0000000020001988        0x4 drivers/FreeRTOS/portable/heap_4.o
 .bss.xFreeBytesRemaining
                0x000000002000198c        0x4 drivers/FreeRTOS/portable/heap_4.o
 .bss.xMinimumEverFreeBytesRemaining
                0x0000000020001990        0x4 drivers/FreeRTOS/portable/heap_4.o
 .bss.xBlockAllocatedBit
                0x0000000020001994        0x4 drivers/FreeRTOS/portable/heap_4.o
 .bss.ucMaxSysCallPriority
                0x0000000020001998        0x1 drivers/FreeRTOS/portable/port.o
 *fill*         0x0000000020001999        0x3 
 .bss.ulMaxPRIGROUPValue
                0x000000002000199c        0x4 drivers/FreeRTOS/portable/port.o
 .bss._ZL13thisASKDriver
                0x00000000200019a0        0x4 drivers/RF315.o
 .bss.Led7      0x00000000200019a4       0x14 source/main.o
                0x00000000200019a4                Led7
 .bss.rfDriver  0x00000000200019b8      0x104 source/main.o
                0x00000000200019b8                rfDriver
 .bss.myTask01_attributes
                0x0000000020001abc       0x24 source/main.o
                0x0000000020001abc                myTask01_attributes
 .bss.myTask02_attributes
                0x0000000020001ae0       0x24 source/main.o
                0x0000000020001ae0                myTask02_attributes
 .bss.myTask03_attributes
                0x0000000020001b04       0x24 source/main.o
                0x0000000020001b04                myTask03_attributes
 .bss.__malloc_free_list
                0x0000000020001b28        0x4 c:/st/stm32cubeide_1.4.0/stm32cubeide/plugins/com.st.stm32cube.ide.mcu.externaltools.gnu-tools-for-stm32.7-2018-q2-update.win32_1.4.0.202007081208/tools/bin/../lib/gcc/arm-none-eabi/7.3.1/../../../../arm-none-eabi/lib/thumb/v7-m\libc_nano.a(lib_a-nano-mallocr.o)
                0x0000000020001b28                __malloc_free_list
 *(COMMON)
 COMMON         0x0000000020001b2c       0x40 drivers/FreeRTOS/queue.o
                0x0000000020001b2c                xQueueRegistry
                0x0000000020001b6c                . = ALIGN (0x4)
                0x0000000020001b6c                _ebss = .
                0x0000000020001b6c                __bss_end__ = _ebss

._user_heap_stack
                0x0000000020001b6c      0x604 load address 0x000000000800392c
                0x0000000020001b70                . = ALIGN (0x8)
 *fill*         0x0000000020001b6c        0x4 
                [!provide]                        PROVIDE (end = .)
                [!provide]                        PROVIDE (_end = .)
                0x0000000020001d70                . = (. + _Min_Heap_Size)
 *fill*         0x0000000020001b70      0x200 
                0x0000000020002170                . = (. + _Min_Stack_Size)
 *fill*         0x0000000020001d70      0x400 
                0x0000000020002170                . = ALIGN (0x8)

/DISCARD/
 libc.a(*)
 libm.a(*)
 libgcc.a(*)

.ARM.attributes
                0x0000000000000000       0x29
 *(.ARM.attributes)
 .ARM.attributes
                0x0000000000000000       0x1d c:/st/stm32cubeide_1.4.0/stm32cubeide/plugins/com.st.stm32cube.ide.mcu.externaltools.gnu-tools-for-stm32.7-2018-q2-update.win32_1.4.0.202007081208/tools/bin/../lib/gcc/arm-none-eabi/7.3.1/thumb/v7-m/crti.o
 .ARM.attributes
                0x000000000000001d       0x2d c:/st/stm32cubeide_1.4.0/stm32cubeide/plugins/com.st.stm32cube.ide.mcu.externaltools.gnu-tools-for-stm32.7-2018-q2-update.win32_1.4.0.202007081208/tools/bin/../lib/gcc/arm-none-eabi/7.3.1/thumb/v7-m/crtbegin.o
 .ARM.attributes
                0x000000000000004a       0x21 Project_Setting/StartupCode/startup_stm32f103rctx.o
 .ARM.attributes
                0x000000000000006b       0x33 drivers/FreeRTOS/CMSIS_RTOS_V2/cmsis_os2.o
 .ARM.attributes
                0x000000000000009e       0x33 drivers/FreeRTOS/list.o
 .ARM.attributes
                0x00000000000000d1       0x33 drivers/FreeRTOS/queue.o
 .ARM.attributes
                0x0000000000000104       0x33 drivers/FreeRTOS/tasks.o
 .ARM.attributes
                0x0000000000000137       0x33 drivers/FreeRTOS/timers.o
 .ARM.attributes
                0x000000000000016a       0x33 drivers/FreeRTOS/portable/heap_4.o
 .ARM.attributes
                0x000000000000019d       0x33 drivers/FreeRTOS/portable/port.o
 .ARM.attributes
                0x00000000000001d0       0x33 drivers/LED7seg.o
 .ARM.attributes
                0x0000000000000203       0x33 drivers/RF315.o
 .ARM.attributes
                0x0000000000000236       0x33 source/main.o
 .ARM.attributes
                0x0000000000000269       0x33 source/system_stm32f1xx.o
 .ARM.attributes
                0x000000000000029c       0x2d c:/st/stm32cubeide_1.4.0/stm32cubeide/plugins/com.st.stm32cube.ide.mcu.externaltools.gnu-tools-for-stm32.7-2018-q2-update.win32_1.4.0.202007081208/tools/bin/../lib/gcc/arm-none-eabi/7.3.1/../../../../arm-none-eabi/lib/thumb/v7-m\libstdc++_nano.a(del_ops.o)
 .ARM.attributes
                0x00000000000002c9       0x2d c:/st/stm32cubeide_1.4.0/stm32cubeide/plugins/com.st.stm32cube.ide.mcu.externaltools.gnu-tools-for-stm32.7-2018-q2-update.win32_1.4.0.202007081208/tools/bin/../lib/gcc/arm-none-eabi/7.3.1/../../../../arm-none-eabi/lib/thumb/v7-m\libstdc++_nano.a(del_op.o)
 .ARM.attributes
                0x00000000000002f6       0x2d c:/st/stm32cubeide_1.4.0/stm32cubeide/plugins/com.st.stm32cube.ide.mcu.externaltools.gnu-tools-for-stm32.7-2018-q2-update.win32_1.4.0.202007081208/tools/bin/../lib/gcc/arm-none-eabi/7.3.1/../../../../arm-none-eabi/lib/thumb/v7-m\libc_nano.a(lib_a-impure.o)
 .ARM.attributes
                0x0000000000000323       0x2d c:/st/stm32cubeide_1.4.0/stm32cubeide/plugins/com.st.stm32cube.ide.mcu.externaltools.gnu-tools-for-stm32.7-2018-q2-update.win32_1.4.0.202007081208/tools/bin/../lib/gcc/arm-none-eabi/7.3.1/../../../../arm-none-eabi/lib/thumb/v7-m\libc_nano.a(lib_a-init.o)
 .ARM.attributes
                0x0000000000000350       0x2d c:/st/stm32cubeide_1.4.0/stm32cubeide/plugins/com.st.stm32cube.ide.mcu.externaltools.gnu-tools-for-stm32.7-2018-q2-update.win32_1.4.0.202007081208/tools/bin/../lib/gcc/arm-none-eabi/7.3.1/../../../../arm-none-eabi/lib/thumb/v7-m\libc_nano.a(lib_a-malloc.o)
 .ARM.attributes
                0x000000000000037d       0x2d c:/st/stm32cubeide_1.4.0/stm32cubeide/plugins/com.st.stm32cube.ide.mcu.externaltools.gnu-tools-for-stm32.7-2018-q2-update.win32_1.4.0.202007081208/tools/bin/../lib/gcc/arm-none-eabi/7.3.1/../../../../arm-none-eabi/lib/thumb/v7-m\libc_nano.a(lib_a-memcpy-stub.o)
 .ARM.attributes
                0x00000000000003aa       0x2d c:/st/stm32cubeide_1.4.0/stm32cubeide/plugins/com.st.stm32cube.ide.mcu.externaltools.gnu-tools-for-stm32.7-2018-q2-update.win32_1.4.0.202007081208/tools/bin/../lib/gcc/arm-none-eabi/7.3.1/../../../../arm-none-eabi/lib/thumb/v7-m\libc_nano.a(lib_a-memset.o)
 .ARM.attributes
                0x00000000000003d7       0x2d c:/st/stm32cubeide_1.4.0/stm32cubeide/plugins/com.st.stm32cube.ide.mcu.externaltools.gnu-tools-for-stm32.7-2018-q2-update.win32_1.4.0.202007081208/tools/bin/../lib/gcc/arm-none-eabi/7.3.1/../../../../arm-none-eabi/lib/thumb/v7-m\libc_nano.a(lib_a-nano-freer.o)
 .ARM.attributes
                0x0000000000000404       0x2d c:/st/stm32cubeide_1.4.0/stm32cubeide/plugins/com.st.stm32cube.ide.mcu.externaltools.gnu-tools-for-stm32.7-2018-q2-update.win32_1.4.0.202007081208/tools/bin/../lib/gcc/arm-none-eabi/7.3.1/../../../../arm-none-eabi/lib/thumb/v7-m\libc_nano.a(lib_a-nano-mallocr.o)
 .ARM.attributes
                0x0000000000000431       0x2d c:/st/stm32cubeide_1.4.0/stm32cubeide/plugins/com.st.stm32cube.ide.mcu.externaltools.gnu-tools-for-stm32.7-2018-q2-update.win32_1.4.0.202007081208/tools/bin/../lib/gcc/arm-none-eabi/7.3.1/../../../../arm-none-eabi/lib/thumb/v7-m\libc_nano.a(lib_a-mlock.o)
 .ARM.attributes
                0x000000000000045e       0x1d c:/st/stm32cubeide_1.4.0/stm32cubeide/plugins/com.st.stm32cube.ide.mcu.externaltools.gnu-tools-for-stm32.7-2018-q2-update.win32_1.4.0.202007081208/tools/bin/../lib/gcc/arm-none-eabi/7.3.1/thumb/v7-m/crtn.o
OUTPUT(STM32F103RCT6_FreeRTOS.elf elf32-littlearm)

.debug_line     0x0000000000000000     0x7e9b
 .debug_line    0x0000000000000000       0x93 Project_Setting/StartupCode/startup_stm32f103rctx.o
 .debug_line    0x0000000000000093     0x1f23 drivers/FreeRTOS/CMSIS_RTOS_V2/cmsis_os2.o
 .debug_line    0x0000000000001fb6      0x6b6 drivers/FreeRTOS/list.o
 .debug_line    0x000000000000266c     0x1140 drivers/FreeRTOS/queue.o
 .debug_line    0x00000000000037ac     0x148c drivers/FreeRTOS/tasks.o
 .debug_line    0x0000000000004c38      0xa6c drivers/FreeRTOS/timers.o
 .debug_line    0x00000000000056a4      0x793 drivers/FreeRTOS/portable/heap_4.o
 .debug_line    0x0000000000005e37      0x6db drivers/FreeRTOS/portable/port.o
 .debug_line    0x0000000000006512      0x4f0 drivers/LED7seg.o
 .debug_line    0x0000000000006a02      0x784 drivers/RF315.o
 .debug_line    0x0000000000007186      0x8b8 source/main.o
 .debug_line    0x0000000000007a3e      0x45d source/system_stm32f1xx.o

.debug_info     0x0000000000000000     0xef58
 .debug_info    0x0000000000000000       0x22 Project_Setting/StartupCode/startup_stm32f103rctx.o
 .debug_info    0x0000000000000022     0x403a drivers/FreeRTOS/CMSIS_RTOS_V2/cmsis_os2.o
 .debug_info    0x000000000000405c      0xac5 drivers/FreeRTOS/list.o
 .debug_info    0x0000000000004b21     0x22e8 drivers/FreeRTOS/queue.o
 .debug_info    0x0000000000006e09     0x294f drivers/FreeRTOS/tasks.o
 .debug_info    0x0000000000009758     0x1a21 drivers/FreeRTOS/timers.o
 .debug_info    0x000000000000b179      0xbea drivers/FreeRTOS/portable/heap_4.o
 .debug_info    0x000000000000bd63      0x4d2 drivers/FreeRTOS/portable/port.o
 .debug_info    0x000000000000c235      0x567 drivers/LED7seg.o
 .debug_info    0x000000000000c79c     0x14fc drivers/RF315.o
 .debug_info    0x000000000000dc98      0xedb source/main.o
 .debug_info    0x000000000000eb73      0x3e5 source/system_stm32f1xx.o

.debug_abbrev   0x0000000000000000     0x1dd9
 .debug_abbrev  0x0000000000000000       0x12 Project_Setting/StartupCode/startup_stm32f103rctx.o
 .debug_abbrev  0x0000000000000012      0x3a0 drivers/FreeRTOS/CMSIS_RTOS_V2/cmsis_os2.o
 .debug_abbrev  0x00000000000003b2      0x1cf drivers/FreeRTOS/list.o
 .debug_abbrev  0x0000000000000581      0x354 drivers/FreeRTOS/queue.o
 .debug_abbrev  0x00000000000008d5      0x350 drivers/FreeRTOS/tasks.o
 .debug_abbrev  0x0000000000000c25      0x2d7 drivers/FreeRTOS/timers.o
 .debug_abbrev  0x0000000000000efc      0x29e drivers/FreeRTOS/portable/heap_4.o
 .debug_abbrev  0x000000000000119a      0x205 drivers/FreeRTOS/portable/port.o
 .debug_abbrev  0x000000000000139f      0x28b drivers/LED7seg.o
 .debug_abbrev  0x000000000000162a      0x3fc drivers/RF315.o
 .debug_abbrev  0x0000000000001a26      0x27f source/main.o
 .debug_abbrev  0x0000000000001ca5      0x134 source/system_stm32f1xx.o

.debug_aranges  0x0000000000000000      0x940
 .debug_aranges
                0x0000000000000000       0x28 Project_Setting/StartupCode/startup_stm32f103rctx.o
 .debug_aranges
                0x0000000000000028      0x228 drivers/FreeRTOS/CMSIS_RTOS_V2/cmsis_os2.o
 .debug_aranges
                0x0000000000000250       0x40 drivers/FreeRTOS/list.o
 .debug_aranges
                0x0000000000000290      0x158 drivers/FreeRTOS/queue.o
 .debug_aranges
                0x00000000000003e8      0x1f8 drivers/FreeRTOS/tasks.o
 .debug_aranges
                0x00000000000005e0       0xe0 drivers/FreeRTOS/timers.o
 .debug_aranges
                0x00000000000006c0       0x50 drivers/FreeRTOS/portable/heap_4.o
 .debug_aranges
                0x0000000000000710       0x78 drivers/FreeRTOS/portable/port.o
 .debug_aranges
                0x0000000000000788       0x50 drivers/LED7seg.o
 .debug_aranges
                0x00000000000007d8       0xc0 drivers/RF315.o
 .debug_aranges
                0x0000000000000898       0x80 source/main.o
 .debug_aranges
                0x0000000000000918       0x28 source/system_stm32f1xx.o

.debug_str      0x0000000000000000    0x6da4a
 .debug_str     0x0000000000000000       0x82 Project_Setting/StartupCode/startup_stm32f103rctx.o
 .debug_str     0x0000000000000082     0xd8c5 drivers/FreeRTOS/CMSIS_RTOS_V2/cmsis_os2.o
                                       0xdd29 (size before relaxing)
 .debug_str     0x000000000000d947      0x20e drivers/FreeRTOS/list.o
                                       0xa39a (size before relaxing)
 .debug_str     0x000000000000db55      0x8e6 drivers/FreeRTOS/queue.o
                                       0xbbc0 (size before relaxing)
 .debug_str     0x000000000000e43b     0x12e3 drivers/FreeRTOS/tasks.o
                                       0xc7d6 (size before relaxing)
 .debug_str     0x000000000000f71e      0x56f drivers/FreeRTOS/timers.o
                                       0xc0e2 (size before relaxing)
 .debug_str     0x000000000000fc8d      0x232 drivers/FreeRTOS/portable/heap_4.o
                                       0xaab5 (size before relaxing)
 .debug_str     0x000000000000febf      0x6cb drivers/FreeRTOS/portable/port.o
                                       0x7f72 (size before relaxing)
 .debug_str     0x000000000001058a    0x5bb7f drivers/LED7seg.o
                                      0x5fd41 (size before relaxing)
 .debug_str     0x000000000006c109      0x9dc drivers/RF315.o
                                      0x6370c (size before relaxing)
 .debug_str     0x000000000006cae5      0xb8c source/main.o
                                      0x66f25 (size before relaxing)
 .debug_str     0x000000000006d671      0x3d9 source/system_stm32f1xx.o
                                      0x5fa83 (size before relaxing)

.debug_ranges   0x0000000000000000      0x888
 .debug_ranges  0x0000000000000000       0x20 Project_Setting/StartupCode/startup_stm32f103rctx.o
 .debug_ranges  0x0000000000000020      0x218 drivers/FreeRTOS/CMSIS_RTOS_V2/cmsis_os2.o
 .debug_ranges  0x0000000000000238       0x30 drivers/FreeRTOS/list.o
 .debug_ranges  0x0000000000000268      0x148 drivers/FreeRTOS/queue.o
 .debug_ranges  0x00000000000003b0      0x1e8 drivers/FreeRTOS/tasks.o
 .debug_ranges  0x0000000000000598       0xd0 drivers/FreeRTOS/timers.o
 .debug_ranges  0x0000000000000668       0x40 drivers/FreeRTOS/portable/heap_4.o
 .debug_ranges  0x00000000000006a8       0x68 drivers/FreeRTOS/portable/port.o
 .debug_ranges  0x0000000000000710       0x40 drivers/LED7seg.o
 .debug_ranges  0x0000000000000750       0xb0 drivers/RF315.o
 .debug_ranges  0x0000000000000800       0x70 source/main.o
 .debug_ranges  0x0000000000000870       0x18 source/system_stm32f1xx.o

.debug_macro    0x0000000000000000    0x16261
 .debug_macro   0x0000000000000000      0x23f drivers/FreeRTOS/CMSIS_RTOS_V2/cmsis_os2.o
 .debug_macro   0x000000000000023f      0xa4e drivers/FreeRTOS/CMSIS_RTOS_V2/cmsis_os2.o
 .debug_macro   0x0000000000000c8d       0x10 drivers/FreeRTOS/CMSIS_RTOS_V2/cmsis_os2.o
 .debug_macro   0x0000000000000c9d       0x22 drivers/FreeRTOS/CMSIS_RTOS_V2/cmsis_os2.o
 .debug_macro   0x0000000000000cbf       0x8e drivers/FreeRTOS/CMSIS_RTOS_V2/cmsis_os2.o
 .debug_macro   0x0000000000000d4d       0x51 drivers/FreeRTOS/CMSIS_RTOS_V2/cmsis_os2.o
 .debug_macro   0x0000000000000d9e       0xef drivers/FreeRTOS/CMSIS_RTOS_V2/cmsis_os2.o
 .debug_macro   0x0000000000000e8d       0x6a drivers/FreeRTOS/CMSIS_RTOS_V2/cmsis_os2.o
 .debug_macro   0x0000000000000ef7      0x1df drivers/FreeRTOS/CMSIS_RTOS_V2/cmsis_os2.o
 .debug_macro   0x00000000000010d6      0x174 drivers/FreeRTOS/CMSIS_RTOS_V2/cmsis_os2.o
 .debug_macro   0x000000000000124a       0x74 drivers/FreeRTOS/CMSIS_RTOS_V2/cmsis_os2.o
 .debug_macro   0x00000000000012be       0x46 drivers/FreeRTOS/CMSIS_RTOS_V2/cmsis_os2.o
 .debug_macro   0x0000000000001304       0x18 drivers/FreeRTOS/CMSIS_RTOS_V2/cmsis_os2.o
 .debug_macro   0x000000000000131c       0x3c drivers/FreeRTOS/CMSIS_RTOS_V2/cmsis_os2.o
 .debug_macro   0x0000000000001358       0x34 drivers/FreeRTOS/CMSIS_RTOS_V2/cmsis_os2.o
 .debug_macro   0x000000000000138c       0x52 drivers/FreeRTOS/CMSIS_RTOS_V2/cmsis_os2.o
 .debug_macro   0x00000000000013de       0x1f drivers/FreeRTOS/CMSIS_RTOS_V2/cmsis_os2.o
 .debug_macro   0x00000000000013fd       0x43 drivers/FreeRTOS/CMSIS_RTOS_V2/cmsis_os2.o
 .debug_macro   0x0000000000001440       0x20 drivers/FreeRTOS/CMSIS_RTOS_V2/cmsis_os2.o
 .debug_macro   0x0000000000001460      0x1a3 drivers/FreeRTOS/CMSIS_RTOS_V2/cmsis_os2.o
 .debug_macro   0x0000000000001603      0x330 drivers/FreeRTOS/CMSIS_RTOS_V2/cmsis_os2.o
 .debug_macro   0x0000000000001933       0x10 drivers/FreeRTOS/CMSIS_RTOS_V2/cmsis_os2.o
 .debug_macro   0x0000000000001943       0x35 drivers/FreeRTOS/CMSIS_RTOS_V2/cmsis_os2.o
 .debug_macro   0x0000000000001978       0x20 drivers/FreeRTOS/CMSIS_RTOS_V2/cmsis_os2.o
 .debug_macro   0x0000000000001998       0xb7 drivers/FreeRTOS/CMSIS_RTOS_V2/cmsis_os2.o
 .debug_macro   0x0000000000001a4f      0x122 drivers/FreeRTOS/CMSIS_RTOS_V2/cmsis_os2.o
 .debug_macro   0x0000000000001b71      0x15a drivers/FreeRTOS/CMSIS_RTOS_V2/cmsis_os2.o
 .debug_macro   0x0000000000001ccb       0xc2 drivers/FreeRTOS/CMSIS_RTOS_V2/cmsis_os2.o
 .debug_macro   0x0000000000001d8d       0x10 drivers/FreeRTOS/CMSIS_RTOS_V2/cmsis_os2.o
 .debug_macro   0x0000000000001d9d       0x1f drivers/FreeRTOS/CMSIS_RTOS_V2/cmsis_os2.o
 .debug_macro   0x0000000000001dbc      0x47f drivers/FreeRTOS/CMSIS_RTOS_V2/cmsis_os2.o
 .debug_macro   0x000000000000223b       0xb5 drivers/FreeRTOS/CMSIS_RTOS_V2/cmsis_os2.o
 .debug_macro   0x00000000000022f0       0x8c drivers/FreeRTOS/CMSIS_RTOS_V2/cmsis_os2.o
 .debug_macro   0x000000000000237c       0x91 drivers/FreeRTOS/CMSIS_RTOS_V2/cmsis_os2.o
 .debug_macro   0x000000000000240d       0x8d drivers/FreeRTOS/CMSIS_RTOS_V2/cmsis_os2.o
 .debug_macro   0x000000000000249a       0x9a drivers/FreeRTOS/CMSIS_RTOS_V2/cmsis_os2.o
 .debug_macro   0x0000000000002534      0x185 drivers/FreeRTOS/list.o
 .debug_macro   0x00000000000026b9      0x20a drivers/FreeRTOS/queue.o
 .debug_macro   0x00000000000028c3       0x16 drivers/FreeRTOS/queue.o
 .debug_macro   0x00000000000028d9      0x27f drivers/FreeRTOS/tasks.o
 .debug_macro   0x0000000000002b58       0x10 drivers/FreeRTOS/tasks.o
 .debug_macro   0x0000000000002b68      0x1c2 drivers/FreeRTOS/timers.o
 .debug_macro   0x0000000000002d2a      0x1a6 drivers/FreeRTOS/portable/heap_4.o
 .debug_macro   0x0000000000002ed0      0x177 drivers/FreeRTOS/portable/port.o
 .debug_macro   0x0000000000003047       0xae drivers/LED7seg.o
 .debug_macro   0x00000000000030f5      0xb20 drivers/LED7seg.o
 .debug_macro   0x0000000000003c15       0x22 drivers/LED7seg.o
 .debug_macro   0x0000000000003c37       0x1c drivers/LED7seg.o
 .debug_macro   0x0000000000003c53       0x22 drivers/LED7seg.o
 .debug_macro   0x0000000000003c75       0xc3 drivers/LED7seg.o
 .debug_macro   0x0000000000003d38      0xd23 drivers/LED7seg.o
 .debug_macro   0x0000000000004a5b     0xfd8c drivers/LED7seg.o
 .debug_macro   0x00000000000147e7       0x28 drivers/LED7seg.o
 .debug_macro   0x000000000001480f      0x174 drivers/RF315.o
 .debug_macro   0x0000000000014983       0x34 drivers/RF315.o
 .debug_macro   0x00000000000149b7      0x17b drivers/RF315.o
 .debug_macro   0x0000000000014b32       0x43 drivers/RF315.o
 .debug_macro   0x0000000000014b75      0x34d drivers/RF315.o
 .debug_macro   0x0000000000014ec2       0x35 drivers/RF315.o
 .debug_macro   0x0000000000014ef7       0xa0 drivers/RF315.o
 .debug_macro   0x0000000000014f97      0x1f7 source/main.o
 .debug_macro   0x000000000001518e       0x5b source/main.o
 .debug_macro   0x00000000000151e9      0x122 source/main.o
 .debug_macro   0x000000000001530b       0xdd source/main.o
 .debug_macro   0x00000000000153e8       0x2e source/main.o
 .debug_macro   0x0000000000015416       0xba source/system_stm32f1xx.o
 .debug_macro   0x00000000000154d0       0x2e source/system_stm32f1xx.o
 .debug_macro   0x00000000000154fe      0xd23 source/system_stm32f1xx.o
 .debug_macro   0x0000000000016221       0x40 source/system_stm32f1xx.o

.comment        0x0000000000000000       0x7b
 .comment       0x0000000000000000       0x7b drivers/FreeRTOS/CMSIS_RTOS_V2/cmsis_os2.o
                                         0x7c (size before relaxing)
 .comment       0x000000000000007b       0x7c drivers/FreeRTOS/list.o
 .comment       0x000000000000007b       0x7c drivers/FreeRTOS/queue.o
 .comment       0x000000000000007b       0x7c drivers/FreeRTOS/tasks.o
 .comment       0x000000000000007b       0x7c drivers/FreeRTOS/timers.o
 .comment       0x000000000000007b       0x7c drivers/FreeRTOS/portable/heap_4.o
 .comment       0x000000000000007b       0x7c drivers/FreeRTOS/portable/port.o
 .comment       0x000000000000007b       0x7c drivers/LED7seg.o
 .comment       0x000000000000007b       0x7c drivers/RF315.o
 .comment       0x000000000000007b       0x7c source/main.o
 .comment       0x000000000000007b       0x7c source/system_stm32f1xx.o

.debug_frame    0x0000000000000000     0x2710
 .debug_frame   0x0000000000000000      0x980 drivers/FreeRTOS/CMSIS_RTOS_V2/cmsis_os2.o
 .debug_frame   0x0000000000000980       0xd8 drivers/FreeRTOS/list.o
 .debug_frame   0x0000000000000a58      0x5ec drivers/FreeRTOS/queue.o
 .debug_frame   0x0000000000001044      0x8a8 drivers/FreeRTOS/tasks.o
 .debug_frame   0x00000000000018ec      0x3b4 drivers/FreeRTOS/timers.o
 .debug_frame   0x0000000000001ca0      0x108 drivers/FreeRTOS/portable/heap_4.o
 .debug_frame   0x0000000000001da8      0x198 drivers/FreeRTOS/portable/port.o
 .debug_frame   0x0000000000001f40      0x120 drivers/LED7seg.o
 .debug_frame   0x0000000000002060      0x328 drivers/RF315.o
 .debug_frame   0x0000000000002388      0x1b8 source/main.o
 .debug_frame   0x0000000000002540       0x58 source/system_stm32f1xx.o
 .debug_frame   0x0000000000002598       0x20 c:/st/stm32cubeide_1.4.0/stm32cubeide/plugins/com.st.stm32cube.ide.mcu.externaltools.gnu-tools-for-stm32.7-2018-q2-update.win32_1.4.0.202007081208/tools/bin/../lib/gcc/arm-none-eabi/7.3.1/../../../../arm-none-eabi/lib/thumb/v7-m\libstdc++_nano.a(del_ops.o)
 .debug_frame   0x00000000000025b8       0x20 c:/st/stm32cubeide_1.4.0/stm32cubeide/plugins/com.st.stm32cube.ide.mcu.externaltools.gnu-tools-for-stm32.7-2018-q2-update.win32_1.4.0.202007081208/tools/bin/../lib/gcc/arm-none-eabi/7.3.1/../../../../arm-none-eabi/lib/thumb/v7-m\libstdc++_nano.a(del_op.o)
 .debug_frame   0x00000000000025d8       0x2c c:/st/stm32cubeide_1.4.0/stm32cubeide/plugins/com.st.stm32cube.ide.mcu.externaltools.gnu-tools-for-stm32.7-2018-q2-update.win32_1.4.0.202007081208/tools/bin/../lib/gcc/arm-none-eabi/7.3.1/../../../../arm-none-eabi/lib/thumb/v7-m\libc_nano.a(lib_a-init.o)
 .debug_frame   0x0000000000002604       0x30 c:/st/stm32cubeide_1.4.0/stm32cubeide/plugins/com.st.stm32cube.ide.mcu.externaltools.gnu-tools-for-stm32.7-2018-q2-update.win32_1.4.0.202007081208/tools/bin/../lib/gcc/arm-none-eabi/7.3.1/../../../../arm-none-eabi/lib/thumb/v7-m\libc_nano.a(lib_a-malloc.o)
 .debug_frame   0x0000000000002634       0x28 c:/st/stm32cubeide_1.4.0/stm32cubeide/plugins/com.st.stm32cube.ide.mcu.externaltools.gnu-tools-for-stm32.7-2018-q2-update.win32_1.4.0.202007081208/tools/bin/../lib/gcc/arm-none-eabi/7.3.1/../../../../arm-none-eabi/lib/thumb/v7-m\libc_nano.a(lib_a-memcpy-stub.o)
 .debug_frame   0x000000000000265c       0x20 c:/st/stm32cubeide_1.4.0/stm32cubeide/plugins/com.st.stm32cube.ide.mcu.externaltools.gnu-tools-for-stm32.7-2018-q2-update.win32_1.4.0.202007081208/tools/bin/../lib/gcc/arm-none-eabi/7.3.1/../../../../arm-none-eabi/lib/thumb/v7-m\libc_nano.a(lib_a-memset.o)
 .debug_frame   0x000000000000267c       0x38 c:/st/stm32cubeide_1.4.0/stm32cubeide/plugins/com.st.stm32cube.ide.mcu.externaltools.gnu-tools-for-stm32.7-2018-q2-update.win32_1.4.0.202007081208/tools/bin/../lib/gcc/arm-none-eabi/7.3.1/../../../../arm-none-eabi/lib/thumb/v7-m\libc_nano.a(lib_a-nano-freer.o)
 .debug_frame   0x00000000000026b4       0x2c c:/st/stm32cubeide_1.4.0/stm32cubeide/plugins/com.st.stm32cube.ide.mcu.externaltools.gnu-tools-for-stm32.7-2018-q2-update.win32_1.4.0.202007081208/tools/bin/../lib/gcc/arm-none-eabi/7.3.1/../../../../arm-none-eabi/lib/thumb/v7-m\libc_nano.a(lib_a-nano-mallocr.o)
 .debug_frame   0x00000000000026e0       0x30 c:/st/stm32cubeide_1.4.0/stm32cubeide/plugins/com.st.stm32cube.ide.mcu.externaltools.gnu-tools-for-stm32.7-2018-q2-update.win32_1.4.0.202007081208/tools/bin/../lib/gcc/arm-none-eabi/7.3.1/../../../../arm-none-eabi/lib/thumb/v7-m\libc_nano.a(lib_a-mlock.o)
