main.cpp:27:6:void TM_SystemInit()	4	static
main.cpp:43:6:void UART_Init()	4	static
main.cpp:52:6:void GPIO_Init()	4	static
main.cpp:58:6:void UART1_TxMsg(uint8_t*, uint8_t)	24	static
main.cpp:67:6:void TM_GPIO_Init()	4	static
main.cpp:105:6:void rf315_tx_pin(bool)	16	static
main.cpp:113:5:int main()	8	static
main.cpp:143:6:void StartTask01(void*)	16	static
main.cpp:155:6:void StartTask02(void*)	16	static
main.cpp:165:6:void StartTask03(void*)	16	static
main.cpp:174:1:void __static_initialization_and_destruction_0(int, int)	24	static
main.cpp:174:1:cpp)	8	static
main.cpp:174:1:cpp)	8	static
