crc16.h:46:14:uint16_t crc16_update(uint16_t, uint8_t)	24	static
crc16.h:62:14:uint16_t crc_xmodem_update(uint16_t, uint8_t)	24	static
crc16.h:77:14:uint16_t _crc_ccitt_update(uint16_t, uint8_t)	16	static
crc16.h:86:13:uint8_t _crc_ibutton_update(uint8_t, uint8_t)	24	static
RF315.cpp:13:1:RF315::RF315()	24	static
RF315.cpp:18:1:RF315::~RF315()	16	static
RF315.cpp:18:1:virtual RF315::~RF315()	16	static
RF315.cpp:26:10:uint16_t RF315::vw_crc(uint8_t*, uint8_t)	32	static
RF315.cpp:36:9:uint8_t RF315::vw_symbol_6to4(uint8_t)	24	static
RF315.cpp:47:6:void RF315::vw_set_tx_pin(uint8_t)	16	static
RF315.cpp:53:6:void RF315::vw_set_ptt_inverted(uint8_t)	16	static
RF315.cpp:62:6:void RF315::vw_pll()	32	static
RF315.cpp:141:9:uint8_t RF315::_timer_calc(uint16_t, uint16_t, uint16_t*)	64	static
RF315.cpp:186:6:void RF315::vw_setup(uint16_t)	16	static
RF315.cpp:207:6:void RF315::vw_tx_start()	16	static
RF315.cpp:217:6:void RF315::vw_tx_stop()	16	static
RF315.cpp:227:6:void RF315::vw_rx_start()	16	static
RF315.cpp:237:6:void RF315::vw_rx_stop()	16	static
RF315.cpp:243:9:uint8_t RF315::vx_tx_active()	16	static
RF315.cpp:250:6:void RF315::vw_wait_tx()	16	static
RF315.cpp:258:6:void RF315::vw_wait_rx()	16	static
RF315.cpp:265:9:uint8_t RF315::vw_wait_rx_max(long unsigned int)	24	static
RF315.cpp:276:9:uint8_t RF315::vw_send(uint8_t*, uint8_t)	40	static
RF315.cpp:315:9:uint8_t RF315::vw_have_message()	16	static
RF315.cpp:323:9:uint8_t RF315::vw_get_message(uint8_t*, uint8_t*)	32	static
RF315.cpp:342:6:void RF315::vw_int_handler()	24	static
RF315.cpp:378:6:void RF315::reg_rf_tx_func(void (*)(bool))	16	static
RF315.cpp:383:6:void RF315::reg_rf_rx_func(bool (*)())	16	static
